共 63 天 x 2 家 = 126 次请求

[1/126] 2026-09-16 周三 VR Queen Street Auckland Super.com NZ$127 (2家)  2.8s 剩~6分
[2/126] 2026-09-16 周三 VR Auckland City         Official site NZ$81 (2家)  2.7s 剩~8分  ***低价***
[3/126] 2026-09-17 周四 VR Queen Street Auckland Super.com NZ$111 (2家)  2.8s 剩~9分
[4/126] 2026-09-17 周四 VR Auckland City         Official site NZ$81 (2家)  2.9s 剩~9分  ***低价***
[5/126] 2026-09-18 周五 VR Queen Street Auckland Super.com NZ$128 (2家)  3.1s 剩~9分
[6/126] 2026-09-18 周五 VR Auckland City         Official site NZ$88 (2家)  2.8s 剩~9分  ***低价***
[7/126] 2026-09-19 周六 VR Queen Street Auckland Super.com NZ$135 (2家)  2.1s 剩~9分
[8/126] 2026-09-19 周六 VR Auckland City         Official site NZ$88 (2家)  2.8s 剩~9分  ***低价***
[9/126] 2026-09-20 周日 VR Queen Street Auckland Super.com NZ$78 (2家)  3.0s 剩~9分  ***低价***
[10/126] 2026-09-20 周日 VR Auckland City         Official site NZ$74 (2家)  2.9s 剩~9分  ***低价***
[11/126] 2026-09-21 周一 VR Queen Street Auckland Super.com NZ$78 (2家)  2.6s 剩~9分  ***低价***
[12/126] 2026-09-21 周一 VR Auckland City         Official site NZ$84 (2家)  2.7s 剩~9分  ***低价***
[13/126] 2026-09-22 周二 VR Queen Street Auckland Super.com NZ$81 (2家)  2.2s 剩~9分  ***低价***
[14/126] 2026-09-22 周二 VR Auckland City         Official site NZ$84 (2家)  2.3s 剩~9分  ***低价***
[15/126] 2026-09-23 周三 VR Queen Street Auckland Super.com NZ$78 (2家)  2.3s 剩~8分  ***低价***
[16/126] 2026-09-23 周三 VR Auckland City         Official site NZ$74 (2家)  2.2s 剩~8分  ***低价***
[17/126] 2026-09-24 周四 VR Queen Street Auckland Super.com NZ$78 (2家)  2.5s 剩~8分  ***低价***
[18/126] 2026-09-24 周四 VR Auckland City         Official site NZ$84 (2家)  2.4s 剩~8分  ***低价***
[19/126] 2026-09-25 周五 VR Queen Street Auckland Super.com NZ$115 (2家)  2.4s 剩~8分
[20/126] 2026-09-25 周五 VR Auckland City         Official site NZ$97 (2家)  2.3s 剩~8分  ***低价***
[21/126] 2026-09-26 周六 VR Queen Street Auckland Super.com NZ$117 (2家)  2.3s 剩~8分
[22/126] 2026-09-26 周六 VR Auckland City         Official site NZ$149 (2家)  2.4s 剩~8分
[23/126] 2026-09-27 周日 VR Queen Street Auckland Super.com NZ$80 (2家)  2.2s 剩~8分  ***低价***
[24/126] 2026-09-27 周日 VR Auckland City         Super.com NZ$110 (2家)  2.1s 剩~8分
[25/126] 2026-09-28 周一 VR Queen Street Auckland Super.com NZ$79 (2家)  2.4s 剩~7分  ***低价***
[26/126] 2026-09-28 周一 VR Auckland City         Super.com NZ$83 (2家)  2.4s 剩~7分  ***低价***
[27/126] 2026-09-29 周二 VR Queen Street Auckland Super.com NZ$80 (2家)  2.3s 剩~7分  ***低价***
[28/126] 2026-09-29 周二 VR Auckland City         Official site NZ$74 (2家)  2.4s 剩~7分  ***低价***
[29/126] 2026-09-30 周三 VR Queen Street Auckland Super.com NZ$86 (2家)  2.2s 剩~7分  ***低价***
[30/126] 2026-09-30 周三 VR Auckland City         Official site NZ$84 (2家)  2.1s 剩~7分  ***低价***
[31/126] 2026-10-01 周四 VR Queen Street Auckland Super.com NZ$94 (2家)  3.9s 剩~7分  ***低价***
[32/126] 2026-10-01 周四 VR Auckland City         Official site NZ$84 (2家)  4.8s 剩~7分  ***低价***
[33/126] 2026-10-02 周五 VR Queen Street Auckland Super.com NZ$110 (2家)  2.2s 剩~7分
[34/126] 2026-10-02 周五 VR Auckland City         Official site NZ$102 (2家)  4.4s 剩~7分
[35/126] 2026-10-03 周六 VR Queen Street Auckland Super.com NZ$127 (2家)  2.4s 剩~7分
[36/126] 2026-10-03 周六 VR Auckland City         Official site NZ$102 (2家)  2.1s 剩~7分
[37/126] 2026-10-04 周日 VR Queen Street Auckland Super.com NZ$88 (2家)  2.4s 剩~7分  ***低价***
[38/126] 2026-10-04 周日 VR Auckland City         Official site NZ$84 (2家)  2.3s 剩~7分  ***低价***
[39/126] 2026-10-05 周一 VR Queen Street Auckland Super.com NZ$90 (2家)  2.5s 剩~7分  ***低价***
[40/126] 2026-10-05 周一 VR Auckland City         Official site NZ$84 (2家)  2.2s 剩~7分  ***低价***
[41/126] 2026-10-06 周二 VR Queen Street Auckland Official site NZ$77 (2家)  4.1s 剩~7分  ***低价***
[42/126] 2026-10-06 周二 VR Auckland City         Official site NZ$84 (2家)  2.1s 剩~6分  ***低价***
[43/126] 2026-10-07 周三 VR Queen Street Auckland Super.com NZ$85 (2家)  2.4s 剩~6分  ***低价***
[44/126] 2026-10-07 周三 VR Auckland City         Official site NZ$81 (2家)  4.0s 剩~6分  ***低价***
[45/126] 2026-10-08 周四 VR Queen Street Auckland Super.com NZ$115 (2家)  4.0s 剩~6分
[46/126] 2026-10-08 周四 VR Auckland City         Official site NZ$84 (2家)  2.3s 剩~6分  ***低价***
[47/126] 2026-10-09 周五 VR Queen Street Auckland Super.com NZ$235 (2家)  2.3s 剩~6分
[48/126] 2026-10-09 周五 VR Auckland City         Official site NZ$102 (2家)  2.1s 剩~6分
[49/126] 2026-10-10 周六 VR Queen Street Auckland Official site NZ$159 (2家)  4.1s 剩~6分
[50/126] 2026-10-10 周六 VR Auckland City         Official site NZ$102 (2家)  2.2s 剩~6分
[51/126] 2026-10-11 周日 VR Queen Street Auckland Super.com NZ$97 (2家)  2.4s 剩~6分  ***低价***
[52/126] 2026-10-11 周日 VR Auckland City         Official site NZ$84 (2家)  4.8s 剩~6分  ***低价***
[53/126] 2026-10-12 周一 VR Queen Street Auckland Super.com NZ$97 (2家)  2.3s 剩~6分  ***低价***
[54/126] 2026-10-12 周一 VR Auckland City         Official site NZ$84 (2家)  4.1s 剩~6分  ***低价***
[55/126] 2026-10-13 周二 VR Queen Street Auckland Super.com NZ$97 (2家)  4.4s 剩~6分  ***低价***
[56/126] 2026-10-13 周二 VR Auckland City         Official site NZ$84 (2家)  2.2s 剩~5分  ***低价***
[57/126] 2026-10-14 周三 VR Queen Street Auckland Super.com NZ$97 (2家)  2.8s 剩~5分  ***低价***
[58/126] 2026-10-14 周三 VR Auckland City         Official site NZ$84 (2家)  2.4s 剩~5分  ***低价***
[59/126] 2026-10-15 周四 VR Queen Street Auckland Super.com NZ$97 (2家)  2.8s 剩~5分  ***低价***
[60/126] 2026-10-15 周四 VR Auckland City         Official site NZ$84 (2家)  2.2s 剩~5分  ***低价***
[61/126] 2026-10-16 周五 VR Queen Street Auckland Super.com NZ$131 (2家)  2.5s 剩~5分
[62/126] 2026-10-16 周五 VR Auckland City         Official site NZ$102 (2家)  2.3s 剩~5分
[63/126] 2026-10-17 周六 VR Queen Street Auckland Super.com NZ$212 (2家)  2.4s 剩~5分
[64/126] 2026-10-17 周六 VR Auckland City         Official site NZ$102 (2家)  2.3s 剩~5分
[65/126] 2026-10-18 周日 VR Queen Street Auckland Super.com NZ$103 (2家)  2.5s 剩~5分
[66/126] 2026-10-18 周日 VR Auckland City         Official site NZ$84 (2家)  3.8s 剩~5分  ***低价***
[67/126] 2026-10-19 周一 VR Queen Street Auckland Super.com NZ$103 (2家)  3.9s 剩~5分
[68/126] 2026-10-19 周一 VR Auckland City         Official site NZ$84 (2家)  3.8s 剩~5分  ***低价***
[69/126] 2026-10-20 周二 VR Queen Street Auckland Booking.com NZ$184 (2家)  4.4s 剩~5分
[70/126] 2026-10-20 周二 VR Auckland City         Official site NZ$84 (2家)  2.3s 剩~4分  ***低价***
[71/126] 2026-10-21 周三 VR Queen Street Auckland Super.com NZ$158 (2家)  4.3s 剩~4分
[72/126] 2026-10-21 周三 VR Auckland City         Super.com NZ$128 (2家)  4.5s 剩~4分
[73/126] 2026-10-22 周四 VR Queen Street Auckland Official site NZ$95 (2家)  4.4s 剩~4分  ***低价***
[74/126] 2026-10-22 周四 VR Auckland City         Official site NZ$84 (2家)  3.8s 剩~4分  ***低价***
[75/126] 2026-10-23 周五 VR Queen Street Auckland Super.com NZ$183 (2家)  2.2s 剩~4分
[76/126] 2026-10-23 周五 VR Auckland City         Official site NZ$102 (2家)  2.2s 剩~4分
[77/126] 2026-10-24 周六 VR Queen Street Auckland Super.com NZ$197 (2家)  4.0s 剩~4分
[78/126] 2026-10-24 周六 VR Auckland City         Official site NZ$102 (2家)  2.2s 剩~4分
[79/126] 2026-10-25 周日 VR Queen Street Auckland Official site NZ$182 (2家)  4.3s 剩~4分
[80/126] 2026-10-25 周日 VR Auckland City         Official site NZ$84 (2家)  2.0s 剩~4分  ***低价***
[81/126] 2026-10-26 周一 VR Queen Street Auckland Super.com NZ$97 (2家)  2.3s 剩~4分  ***低价***
[82/126] 2026-10-26 周一 VR Auckland City         Official site NZ$84 (2家)  4.1s 剩~4分  ***低价***
[83/126] 2026-10-27 周二 VR Queen Street Auckland Super.com NZ$99 (2家)  3.9s 剩~3分  ***低价***
[84/126] 2026-10-27 周二 VR Auckland City         Official site NZ$84 (2家)  2.1s 剩~3分  ***低价***
[85/126] 2026-10-28 周三 VR Queen Street Auckland Super.com NZ$97 (2家)  2.4s 剩~3分  ***低价***
[86/126] 2026-10-28 周三 VR Auckland City         Official site NZ$84 (2家)  2.1s 剩~3分  ***低价***
[87/126] 2026-10-29 周四 VR Queen Street Auckland Super.com NZ$95 (2家)  2.2s 剩~3分  ***低价***
[88/126] 2026-10-29 周四 VR Auckland City         Official site NZ$84 (2家)  4.4s 剩~3分  ***低价***
[89/126] 2026-10-30 周五 VR Queen Street Auckland Official site NZ$117 (2家)  3.9s 剩~3分
[90/126] 2026-10-30 周五 VR Auckland City         Official site NZ$102 (2家)  2.4s 剩~3分
[91/126] 2026-10-31 周六 VR Queen Street Auckland Official site NZ$124 (2家)  4.0s 剩~3分
[92/126] 2026-10-31 周六 VR Auckland City         Official site NZ$102 (2家)  2.4s 剩~3分
[93/126] 2026-11-01 周日 VR Queen Street Auckland Super.com NZ$99 (3家)  4.2s 剩~3分  ***低价***
[94/126] 2026-11-01 周日 VR Auckland City         Official site NZ$107 (2家)  2.3s 剩~3分
[95/126] 2026-11-02 周一 VR Queen Street Auckland Super.com NZ$99 (2家)  4.1s 剩~3分  ***低价***
[96/126] 2026-11-02 周一 VR Auckland City         Official site NZ$107 (2家)  2.0s 剩~2分
[97/126] 2026-11-03 周二 VR Queen Street Auckland Super.com NZ$105 (2家)  2.3s 剩~2分
[98/126] 2026-11-03 周二 VR Auckland City         Official site NZ$107 (2家)  2.2s 剩~2分
[99/126] 2026-11-04 周三 VR Queen Street Auckland Super.com NZ$139 (2家)  3.9s 剩~2分
[100/126] 2026-11-04 周三 VR Auckland City         Official site NZ$107 (2家)  3.8s 剩~2分
[101/126] 2026-11-05 周四 VR Queen Street Auckland Official site NZ$98 (2家)  3.9s 剩~2分  ***低价***
[102/126] 2026-11-05 周四 VR Auckland City         Official site NZ$107 (2家)  4.3s 剩~2分
[103/126] 2026-11-06 周五 VR Queen Street Auckland Super.com NZ$145 (2家)  4.0s 剩~2分
[104/126] 2026-11-06 周五 VR Auckland City         Official site NZ$125 (2家)  2.2s 剩~2分
[105/126] 2026-11-07 周六 VR Queen Street Auckland Super.com NZ$296 (2家)  2.3s 剩~2分
[106/126] 2026-11-07 周六 VR Auckland City         Official site NZ$204 (2家)  2.3s 剩~2分
[107/126] 2026-11-08 周日 VR Queen Street Auckland Super.com NZ$230 (2家)  4.4s 剩~2分
[108/126] 2026-11-08 周日 VR Auckland City         Official site NZ$302 (2家)  4.2s 剩~1分
[109/126] 2026-11-09 周一 VR Queen Street Auckland Official site NZ$170 (2家)  3.7s 剩~1分
[110/126] 2026-11-09 周一 VR Auckland City         Official site NZ$107 (2家)  1.9s 剩~1分
[111/126] 2026-11-10 周二 VR Queen Street Auckland Super.com NZ$107 (2家)  4.1s 剩~1分
[112/126] 2026-11-10 周二 VR Auckland City         Official site NZ$107 (3家)  3.8s 剩~1分
[113/126] 2026-11-11 周三 VR Queen Street Auckland Super.com NZ$148 (2家)  4.0s 剩~1分
[114/126] 2026-11-11 周三 VR Auckland City         Official site NZ$111 (2家)  3.7s 剩~1分
[115/126] 2026-11-12 周四 VR Queen Street Auckland Super.com NZ$146 (2家)  3.4s 剩~1分
[116/126] 2026-11-12 周四 VR Auckland City         Official site NZ$111 (2家)  3.8s 剩~1分
[117/126] 2026-11-13 周五 VR Queen Street Auckland Super.com NZ$132 (2家)  4.1s 剩~1分
[118/126] 2026-11-13 周五 VR Auckland City         Super.com NZ$118 (2家)  3.8s 剩~1分
[119/126] 2026-11-14 周六 VR Queen Street Auckland Official site NZ$114 (2家)  3.9s 剩~1分
[120/126] 2026-11-14 周六 VR Auckland City         Official site NZ$114 (2家)  4.0s 剩~0分
[121/126] 2026-11-15 周日 VR Queen Street Auckland Super.com NZ$111 (2家)  4.0s 剩~0分
[122/126] 2026-11-15 周日 VR Auckland City         Official site NZ$107 (2家)  4.1s 剩~0分
[123/126] 2026-11-16 周一 VR Queen Street Auckland Official site NZ$107 (2家)  4.0s 剩~0分
[124/126] 2026-11-16 周一 VR Auckland City         Official site NZ$107 (2家)  2.4s 剩~0分
[125/126] 2026-11-17 周二 VR Queen Street Auckland Super.com NZ$106 (2家)  4.0s 剩~0分
[126/126] 2026-11-17 周二 VR Auckland City         Official site NZ$111 (2家)  3.8s 剩~0分

用时 10.6 分钟, 数据在 C:\Users\Administrator\Downloads\hotel_prices_clean.csv
